Link map of __start
  1] __start (notype,global) found in crt0_s.obj 
   2] _@DummyFn1 (func,local) found in crt0_s.obj 
    3] __SP_INIT found as linker generated symbol
    3] _SDA_BASE_ found as linker generated symbol
    3] _SDA2_BASE_ found as linker generated symbol
    3] romcopy (func,global) found in romcopy_c.obj 
     4] __DATA_RAM found as linker generated symbol
     4] __DATA_ROM found as linker generated symbol
     4] __DATA_END found as linker generated symbol
     4] __BSS_START found as linker generated symbol
     4] __BSS_END found as linker generated symbol
     4] main (func,global) found in main_c.obj 
      5] @39 (object,local) found in main_c.obj 
      5] sys_init_fnc (func,global) found in sys_init_c.obj 
       6] intc_init_fnc (func,global) found in intc_init_c.obj 
        7] IntcIsrVectorTable (object,global) found in intc_sw_vecttable_c.obj 
         8] interrupt_handler (func,global) found in intc_sw_vecttable_c.obj 
         8] PIT_Ch0_ISR (func,global) found in intc_pit_c.obj 
          9] GPIO_GetState (func,global) found in gpio_drv_c.obj 
        7] en_int_fnc (func,global) found in intc_init_c.obj 
       6] IVPRInitialize (notype,global) found in rappid_func_s.obj 
        7] _@DummyFn1 (func,local) found in rappid_func_s.obj 
         8] IVORxHandlers (notype,global) found in excep_handler_s.obj 
          9] _@DummyFn1 (func,local) found in excep_handler_s.obj 
           10] .text_vle (section,local) found in excep_handler_s.obj 
            11] IVOR0Handler (notype,global) found in excep_handler_s.obj 
            11] IVOR1Handler (notype,global) found in excep_handler_s.obj 
            11] IVOR2Handler (notype,global) found in excep_handler_s.obj 
            11] IVOR3Handler (notype,global) found in excep_handler_s.obj 
            11] IVOR5Handler (notype,global) found in excep_handler_s.obj 
            11] IVOR6Handler (notype,global) found in excep_handler_s.obj 
            11] IVOR8Handler (notype,global) found in excep_handler_s.obj 
            11] IVOR15Handler (notype,global) found in excep_handler_s.obj 
            11] default_except_handler (notype,global) found in excep_handler_s.obj 
            11] .text_vle (section,local) found in excep_handler_s.obj 
           10] IVOR4Handler (notype,global) found in sw_handlers_s.obj 
            11] _@DummyFn1 (func,local) found in sw_handlers_s.obj 
            11] .text_vle (section,local) found in sw_handlers_s.obj 
          9] .exec_vect_Vle (section,local) found in excep_handler_s.obj 
        7] .text_vle (section,local) found in rappid_func_s.obj 
       6] swt_init_fnc (func,global) found in swt_init_c.obj 
       6] sysclk_module_init_fnc (func,global) found in sysclk_init_c.obj 
        7] mode_entry_init_fnc (func,global) found in sysclk_init_c.obj 
        7] sysclk_init_fnc (func,global) found in sysclk_init_c.obj 
        7] cmu_init_fnc (func,global) found in sysclk_init_c.obj 
       6] rtc_init_fnc (func,global) found in rtc_init_c.obj 
       6] stm_init_fnc (func,global) found in stm_init_c.obj 
       6] pit_init_fnc (func,global) found in pit_init_c.obj 
       6] flexcan_init_fnc (func,global) found in flexcan_init_c.obj 
        7] flexcan_0_init_fnc (func,global) found in flexcan_init_c.obj 
        7] flexcan_1_init_fnc (func,global) found in flexcan_init_c.obj 
        7] flexcan_2_init_fnc (func,global) found in flexcan_init_c.obj 
        7] flexcan_3_init_fnc (func,global) found in flexcan_init_c.obj 
        7] flexcan_4_init_fnc (func,global) found in flexcan_init_c.obj 
        7] flexcan_5_init_fnc (func,global) found in flexcan_init_c.obj 
       6] adc_init_fnc (func,global) found in adc_init_c.obj 
        7] adc_0_init_fnc (func,global) found in adc_init_c.obj 
         8] adc_0_channel_setup_fnc (func,global) found in adc_init_c.obj 
         8] adc_0_trigger_setup_fnc (func,global) found in adc_init_c.obj 
        7] adc_1_init_fnc (func,global) found in adc_init_c.obj 
         8] adc_1_channel_setup_fnc (func,global) found in adc_init_c.obj 
         8] adc_1_trigger_setup_fnc (func,global) found in adc_init_c.obj 
        7] adc_ctuevent_init_fnc (func,global) found in adc_init_c.obj 
       6] emios_init_fnc (func,global) found in emios_init_c.obj 
        7] emios_0_init_fnc (func,global) found in emios_init_c.obj 
        7] emios_1_init_fnc (func,global) found in emios_init_c.obj 
       6] dspi_init_fnc (func,global) found in dspi_init_c.obj 
        7] dspi0_init_fnc (func,global) found in dspi_init_c.obj 
        7] dspi1_init_fnc (func,global) found in dspi_init_c.obj 
        7] dspi2_init_fnc (func,global) found in dspi_init_c.obj 
        7] dspi3_init_fnc (func,global) found in dspi_init_c.obj 
        7] dspi4_init_fnc (func,global) found in dspi_init_c.obj 
       6] linflex_init_fnc (func,global) found in linflex_init_c.obj 
        7] linflex0_init_fnc (func,global) found in linflex_init_c.obj 
        7] linflex1_init_fnc (func,global) found in linflex_init_c.obj 
        7] linflex2_init_fnc (func,global) found in linflex_init_c.obj 
        7] linflex3_init_fnc (func,global) found in linflex_init_c.obj 
        7] linflex4_init_fnc (func,global) found in linflex_init_c.obj 
        7] linflex5_init_fnc (func,global) found in linflex_init_c.obj 
       6] mode_entry_post_config_fnc (func,global) found in sysclk_init_c.obj 
       6] siu_init_fnc (func,global) found in siu_init_c.obj 
        7] siu_portA_init_fnc (func,global) found in siu_init_c.obj 
        7] siu_portB_init_fnc (func,global) found in siu_init_c.obj 
        7] siu_portC_init_fnc (func,global) found in siu_init_c.obj 
        7] siu_portD_init_fnc (func,global) found in siu_init_c.obj 
        7] siu_portE_init_fnc (func,global) found in siu_init_c.obj 
        7] siu_portF_init_fnc (func,global) found in siu_init_c.obj 
        7] siu_portG_init_fnc (func,global) found in siu_init_c.obj 
        7] siu_portH_init_fnc (func,global) found in siu_init_c.obj 
        7] siu_general_init_fnc (func,global) found in siu_init_c.obj 
        7] siu_parallel_port_init_fnc (func,global) found in siu_init_c.obj 
        7] siu_unused_pins_init_fnc (func,global) found in siu_init_c.obj 
        7] siu_psmi_init_fnc (func,global) found in siu_init_c.obj 
      5] SBC_Init_DBG (func,global) found in sbc_hld_c.obj 
       6] SBC_Write_Data (func,global) found in sbc_hld_c.obj 
      5] FMSTR_Init (func,global) found in freemaster_protocol_c.obj 
       6] FMSTR_InitScope (func,global) found in freemaster_scope_c.obj 
       6] FMSTR_InitRec (func,global) found in freemaster_rec_c.obj 
        7] pcm_wRecFlags (object,global) found in freemaster_rec_c.obj 
        7] pcm_pOwnRecBuffer (object,local) found in freemaster_rec_c.obj 
        7] pcm_nRecBuffAddr (object,local) found in freemaster_rec_c.obj 
       6] FMSTR_InitAppCmds (func,global) found in freemaster_appcmd_c.obj 
        7] pcm_pAppCmdCallId (object,local) found in freemaster_appcmd_c.obj 
        7] pcm_pAppCmdCallFunc (object,local) found in freemaster_appcmd_c.obj 
        7] pcm_nAppCmd (object,local) found in freemaster_appcmd_c.obj 
        7] pcm_nAppCmdResult (object,local) found in freemaster_appcmd_c.obj 
       6] FMSTR_InitSerial (func,global) found in freemaster_serial_c.obj 
        7] pcm_wFlags (object,local) found in freemaster_serial_c.obj 
        7] pcm_nTxTodo (object,local) found in freemaster_serial_c.obj 
        7] FMSTR_Listen (func,local) found in freemaster_serial_c.obj 
         8] pcm_nRxTodo (object,local) found in freemaster_serial_c.obj 
      5] EnableExternalInterrupts (func,global) found in rappid_utils_c.obj 
      5] GPIO_SetState (func,global) found in gpio_drv_c.obj 
      5] D0 (object,local) found in main_c.obj 
      5] D1 (object,local) found in main_c.obj 
      5] D2 (object,local) found in main_c.obj 
      5] D3 (object,global) found in main_c.obj 
      5] D4 (object,global) found in main_c.obj 
      5] D5 (object,global) found in main_c.obj 
      5] D6 (object,global) found in main_c.obj 
      5] D7 (object,global) found in main_c.obj 
      5] E (object,global) found in main_c.obj 
      5] CSA (object,global) found in main_c.obj 
      5] CSB (object,global) found in main_c.obj 
      5] RS (object,global) found in main_c.obj 
      5] RW (object,global) found in main_c.obj 
      5] DI (object,global) found in main_c.obj 
      5] SetCanRxFilter (func,global) found in CANdrv_c.obj 
      5] FMSTR_Poll (func,global) found in freemaster_serial_c.obj 
       6] FMSTR_ProcessSCI (func,global) found in freemaster_serial_c.obj 
        7] FMSTR_SCI_RDCLRSR (func,local) found in freemaster_serial_c.obj 
        7] FMSTR_Tx (func,global) found in freemaster_serial_c.obj 
         8] pcm_pTxBuff (object,local) found in freemaster_serial_c.obj 
        7] FMSTR_Rx (func,global) found in freemaster_serial_c.obj 
         8] pcm_nRxCheckSum (object,local) found in freemaster_serial_c.obj 
         8] pcm_pRxBuff (object,local) found in freemaster_serial_c.obj 
         8] pcm_pCommBuffer (object,local) found in freemaster_serial_c.obj 
         8] FMSTR_SendError (func,local) found in freemaster_serial_c.obj 
          9] FMSTR_SendResponse (func,global) found in freemaster_serial_c.obj 
         8] FMSTR_ProtocolDecoder (func,global) found in freemaster_protocol_c.obj 
          9] FMSTR_ReadMem (func,global) found in freemaster_protocol_c.obj 
           10] FMSTR_CopyToBuffer (func,global) found in freemaster_MPC56xx_c.obj 
          9] FMSTR_SetUpScope (func,global) found in freemaster_scope_c.obj 
           10] pcm_nScopeVarCount (object,local) found in freemaster_scope_c.obj 
           10] pcm_pScopeVarSize (object,local) found in freemaster_scope_c.obj 
           10] pcm_pScopeVarAddr (object,local) found in freemaster_scope_c.obj 
          9] FMSTR_ReadScope (func,global) found in freemaster_scope_c.obj 
          9] FMSTR_GetRecStatus (func,global) found in freemaster_rec_c.obj 
          9] FMSTR_StartRec (func,global) found in freemaster_rec_c.obj 
           10] pcm_dwRecWritePtr (object,global) found in freemaster_rec_c.obj 
           10] pcm_wRecBuffStartIx (object,global) found in freemaster_rec_c.obj 
           10] pcm_wRecTimeDivCtr (object,global) found in freemaster_rec_c.obj 
          9] FMSTR_StopRec (func,global) found in freemaster_rec_c.obj 
           10] FMSTR_TriggerRec (func,global) found in freemaster_rec_c.obj 
            11] pcm_wRecPostTrigger (object,global) found in freemaster_rec_c.obj 
            11] pcm_wStoprecCountDown (object,global) found in freemaster_rec_c.obj 
          9] FMSTR_SetUpRec (func,global) found in freemaster_rec_c.obj 
           10] pcm_nRecTriggerMode (object,global) found in freemaster_rec_c.obj 
           10] pcm_wRecTotalSmps (object,global) found in freemaster_rec_c.obj 
           10] pcm_wRecTimeDiv (object,global) found in freemaster_rec_c.obj 
           10] pcm_nTrgVarAddr (object,local) found in freemaster_rec_c.obj 
           10] pcm_nTrgVarSize (object,local) found in freemaster_rec_c.obj 
           10] pcm_bTrgVarSigned (object,local) found in freemaster_rec_c.obj 
           10] pcm_uTrgThreshold (object,local) found in freemaster_rec_c.obj 
           10] pcm_nRecVarCount (object,global) found in freemaster_rec_c.obj 
           10] pcm_pCompareFunc (object,local) found in freemaster_rec_c.obj 
           10] pcm_pRecVarSize (object,global) found in freemaster_rec_c.obj 
           10] pcm_pRecVarAddr (object,global) found in freemaster_rec_c.obj 
           10] FMSTR_Compare8S (func,local) found in freemaster_rec_c.obj 
           10] FMSTR_Compare8U (func,local) found in freemaster_rec_c.obj 
           10] FMSTR_Compare16S (func,local) found in freemaster_rec_c.obj 
           10] FMSTR_Compare16U (func,local) found in freemaster_rec_c.obj 
           10] FMSTR_Compare32S (func,local) found in freemaster_rec_c.obj 
           10] FMSTR_Compare32U (func,local) found in freemaster_rec_c.obj 
           10] FMSTR_GetRecBuffSize (func,global) found in freemaster_rec_c.obj 
           10] pcm_dwRecEndBuffPtr (object,global) found in freemaster_rec_c.obj 
          9] FMSTR_GetRecBuff (func,global) found in freemaster_rec_c.obj 
          9] FMSTR_StoreAppCmd (func,global) found in freemaster_appcmd_c.obj 
           10] pcm_nAppCmdLen (object,local) found in freemaster_appcmd_c.obj 
           10] pcm_pAppCmdBuff (object,local) found in freemaster_appcmd_c.obj 
           10] FMSTR_CopyFromBuffer (func,global) found in freemaster_MPC56xx_c.obj 
           10] pcm_nAppCmdResultDataLen (object,local) found in freemaster_appcmd_c.obj 
          9] FMSTR_GetAppCmdStatus (func,global) found in freemaster_appcmd_c.obj 
           10] FMSTR_FindAppCmdCallIndex (func,local) found in freemaster_appcmd_c.obj 
          9] FMSTR_GetAppCmdRespData (func,global) found in freemaster_appcmd_c.obj 
          9] FMSTR_WriteMem (func,global) found in freemaster_protocol_c.obj 
          9] FMSTR_WriteMemMask (func,global) found in freemaster_protocol_c.obj 
           10] FMSTR_CopyFromBufferWithMask (func,global) found in freemaster_MPC56xx_c.obj 
          9] FMSTR_GetBoardInfo (func,global) found in freemaster_protocol_c.obj 
           10] @137 (object,local) found in freemaster_protocol_c.obj 
      5] ProcessCAN (func,global) found in main_c.obj 
       6] CanRxMbFull (func,global) found in CANdrv_c.obj 
       6] CanRxMsg (func,global) found in CANdrv_c.obj 
       6] msgOKCAN (object,global) found in main_c.obj 
       6] CanTxMsg (func,global) found in CANdrv_c.obj 
       6] msgErrorCAN (object,global) found in main_c.obj 
      5] ProcessADC (func,global) found in main_c.obj 
       6] potValue (object,global) found in main_c.obj 
       6] Pot_Get_Value (func,global) found in pot_hld_c.obj 
        7] A2D_GetSingleCh_10bit (func,global) found in adc_drv_c.obj 
   2] .text_vle (section,local) found in crt0_s.obj 
  1] bam_rchw (object,global) found in rchw_init_c.obj 
  1] bam_resetvector (object,global) found in rchw_init_c.obj 
    3] .text (section,local) found in sysclk_init_c.obj 
    3] .text.65 (notype,local) found in sysclk_init_c.obj 
    3] .text (section,local) found in sys_init_c.obj 
    3] .text.11 (notype,local) found in sys_init_c.obj 
    3] .text (section,local) found in swt_init_c.obj 
    3] .text.29 (notype,local) found in swt_init_c.obj 
    3] .text (section,local) found in stm_init_c.obj 
    3] .text.9 (notype,local) found in stm_init_c.obj 
    3] .text (section,local) found in siu_init_c.obj 
    3] .text.57 (notype,local) found in siu_init_c.obj 
    3] .text (section,local) found in sbc_hld_c.obj 
    3] .text.27 (notype,local) found in sbc_hld_c.obj 
    3] .text (section,local) found in rtc_init_c.obj 
    3] .text.9 (notype,local) found in rtc_init_c.obj 
    3] .text (section,local) found in romcopy_c.obj 
    3] .text.34 (notype,local) found in romcopy_c.obj 
    3] .text (section,local) found in rappid_utils_c.obj 
    3] .text.29 (notype,local) found in rappid_utils_c.obj 
    3] .text (section,local) found in pot_hld_c.obj 
    3] .text.9 (notype,local) found in pot_hld_c.obj 
    3] .text (section,local) found in pit_init_c.obj 
    3] .text.9 (notype,local) found in pit_init_c.obj 
    3] .text (section,local) found in main_c.obj 
    3] .text.77 (notype,local) found in main_c.obj 
    3] .text (section,local) found in linflex_init_c.obj 
    3] .text.33 (notype,local) found in linflex_init_c.obj 
    3] .text (section,local) found in intc_sw_vecttable_c.obj 
    3] .text.10 (notype,local) found in intc_sw_vecttable_c.obj 
    3] .text (section,local) found in intc_pit_c.obj 
    3] .text.21 (notype,local) found in intc_pit_c.obj 
    3] .text (section,local) found in intc_init_c.obj 
    3] .text.19 (notype,local) found in intc_init_c.obj 
    3] .text (section,local) found in gpio_drv_c.obj 
    3] .text.17 (notype,local) found in gpio_drv_c.obj 
    3] .text (section,local) found in freemaster_serial_c.obj 
    3] .text.179 (notype,local) found in freemaster_serial_c.obj 
    3] .text (section,local) found in freemaster_scope_c.obj 
    3] .text.124 (notype,local) found in freemaster_scope_c.obj 
    3] .text (section,local) found in freemaster_rec_c.obj 
    3] .text.337 (notype,local) found in freemaster_rec_c.obj 
    3] .text (section,local) found in freemaster_protocol_c.obj 
    3] .text.268 (notype,local) found in freemaster_protocol_c.obj 
    3] .text (section,local) found in freemaster_appcmd_c.obj 
    3] .text.233 (notype,local) found in freemaster_appcmd_c.obj 
    3] .text (section,local) found in freemaster_MPC56xx_c.obj 
    3] .text.153 (notype,local) found in freemaster_MPC56xx_c.obj 
    3] .text (section,local) found in flexcan_init_c.obj 
    3] .text.196 (notype,local) found in flexcan_init_c.obj 
    3] .text (section,local) found in emios_init_c.obj 
    3] .text.17 (notype,local) found in emios_init_c.obj 
    3] .text (section,local) found in dspi_init_c.obj 
    3] .text.29 (notype,local) found in dspi_init_c.obj 
    3] .text (section,local) found in adc_init_c.obj 
    3] .text.37 (notype,local) found in adc_init_c.obj 
    3] .text (section,local) found in adc_drv_c.obj 
    3] .text.66 (notype,local) found in adc_drv_c.obj 
    3] .text (section,local) found in CANdrv_c.obj 
    3] .text.85 (notype,local) found in CANdrv_c.obj 
